C:\Users\TanKaiYi>cd work

C:\Users\TanKaiYi\work>cd git_Demo

C:\Users\TanKaiYi\work\git_Demo>git init
Initialized empty Git repository in C:/Users/TanKaiYi/work/git_Demo/.git/

C:\Users\TanKaiYi\work\git_Demo>git status
On branch master

No commits yet

Untracked files:
  (use "git add <file>..." to include in what will be committed)
        demo.py

nothing added to commit but untracked files present (use "git add" to track)

C:\Users\TanKaiYi\work\git_Demo>git status
On branch master

No commits yet

Untracked files:
  (use "git add <file>..." to include in what will be committed)
        demo.py

nothing added to commit but untracked files present (use "git add" to track)

C:\Users\TanKaiYi\work\git_Demo>git add demo.py

C:\Users\TanKaiYi\work\git_Demo>git status
On branch master

No commits yet

Changes to be committed:
  (use "git rm --cached <file>..." to unstage)
        new file:   demo.py


C:\Users\TanKaiYi\work\git_Demo>git status
On branch master

No commits yet

Changes to be committed:
  (use "git rm --cached <file>..." to unstage)
        new file:   demo.py

Changes not staged for commit:
  (use "git add <file>..." to update what will be committed)
  (use "git restore <file>..." to discard changes in working directory)
        modified:   demo.py


C:\Users\TanKaiYi\work\git_Demo>git commit -m "first commit"
[master (root-commit) b603845] first commit
 1 file changed, 4 insertions(+)
 create mode 100644 demo.py

C:\Users\TanKaiYi\work\git_Demo>git status
On branch master
Changes not staged for commit:
  (use "git add <file>..." to update what will be committed)
  (use "git restore <file>..." to discard changes in working directory)
        modified:   demo.py

no changes added to commit (use "git add" and/or "git commit -a")

C:\Users\TanKaiYi\work\git_Demo>git add demo.py

C:\Users\TanKaiYi\work\git_Demo>git status
On branch master
Changes to be committed:
  (use "git restore --staged <file>..." to unstage)
        modified:   demo.py

C:\Users\TanKaiYi\work\git_Demo>git add cmd.txt

C:\Users\TanKaiYi\work\git_Demo>git status
On branch master
Changes to be committed:
  (use "git restore --staged <file>..." to unstage)
        new file:   cmd.txt
        modified:   demo.py


C:\Users\TanKaiYi\work\git_Demo>git rm --cached cmd.txt
rm 'cmd.txt'

C:\Users\TanKaiYi\work\git_Demo>git status
On branch master
Changes to be committed:
  (use "git restore --staged <file>..." to unstage)
        modified:   demo.py

Untracked files:
  (use "git add <file>..." to include in what will be committed)
        cmd.txt

